// Jest Snapshot v1, https://jestjs.io/docs/snapshot-testing

exports[`details renders 1`] = `
<View
  style={
    {
      "alignItems": "center",
      "flex": 1,
      "justifyContent": "center",
    }
  }
>
  {}
</View>
`;
